// Jest Snapshot v1, https://goo.gl/fbAQLP

exports[`should render ExpenseList with empty message 1`] = `
<div>
  <p>
    No expenses
  </p>
</div>
`;

exports[`should render ExpenseList with expenses 1`] = `
<div>
  <ExpenseListItem
    amount={2500}
    createdAt={0}
    description="Bum bag"
    id="1"
    note=""
  />
  <ExpenseListItem
    amount={5000}
    createdAt={86400000}
    description="Duffle bag"
    id="2"
    note=""
  />
  <ExpenseListItem
    amount={4000}
    createdAt={172800000}
    description="Backpack"
    id="3"
    note=""
  />
</div>
`;
