// Jest Snapshot v1, https://goo.gl/fbAQLP

exports[`should render ExpenseListItem 1`] = `
<div>
  <Link
    replace={false}
    to="/edit/1"
  >
    Edit
  </Link>
  <p>
    Bum bag
  </p>
  <p>
    $25.00
    -
    1st January 1970
  </p>
</div>
`;
